
R version 3.5.1 (2018-07-02) -- "Feather Spray"
Copyright (C) 2018 The R Foundation for Statistical Computing
Platform: x86_64-pc-linux-gnu (64-bit)

R is free software and comes with ABSOLUTELY NO WARRANTY.
You are welcome to redistribute it under certain conditions.
Type 'license()' or 'licence()' for distribution details.

  Natural language support but running in an English locale

R is a collaborative project with many contributors.
Type 'contributors()' for more information and
'citation()' on how to cite R or R packages in publications.

Type 'demo()' for some demos, 'help()' for on-line help, or
'help.start()' for an HTML browser interface to help.
Type 'q()' to quit R.

> ## ---- pkg
> library(seer)
> 
> ## ---- data
> load("fforms/yearlym4_votes.rda")
> library(M4comp2018)
> data(M4)
> yearly_m4 <- Filter(function(l) l$period == "Yearly", M4)
> 
> 
> ## ---- calculations
> models.weights <- fforms_ensemble(yearlym4_votes, threshold = 0.6)
> fcast.combination.yearlym4 <- fforms_combinationforecast(models.weights, yearly_m4, "M4", 6)
> save(fcast.combination.m4yearly, file="fforms/fcast.combination.m4yearly.rda")
Error in save(fcast.combination.m4yearly, file = "fforms/fcast.combination.m4yearly.rda") : 
  object ‘fcast.combination.m4yearly’ not found
Execution halted
